// Jest Snapshot v1, https://goo.gl/fbAQLP

exports[`BaseInterestDetails should render 1`] = `
<div
  className="interest-details-root"
>
  <BackButton
    href="/workspace/23/contacts/segments/test/interests"
    label="Back to Interests"
  />
  <Card
    pageDisplay={true}
  >
    <Header>
      <Title>
        Interest - 
        <span
          className="interest-name"
          key="INTEREST_NAME"
        >
          1
        </span>
      </Title>
    </Header>
    <Header>
      <Nav
        className="page-subnav"
        display="underline"
        key="subnav"
      >
        <Item
          active={true}
          disabled={false}
          href="/workspace/23/contacts/segments/test/interests/1/individuals"
          key="Individuals"
        >
          <h4>
            Individuals
          </h4>
        </Item>
        <Item
          active={false}
          disabled={false}
          href="/workspace/23/contacts/segments/test/interests/1/pages?active=true"
          key="Active Pages"
        >
          <h4>
            Active Pages
          </h4>
        </Item>
        <Item
          active={false}
          disabled={false}
          href="/workspace/23/contacts/segments/test/interests/1/pages?active=false"
          key="Inactive Pages"
        >
          <h4>
            Inactive Pages
          </h4>
        </Item>
      </Nav>
      <h4
        className="list-title"
      >
        Members Interested in "1" - As of January 1, 1970
      </h4>
    </Header>
    <InterestDetailsList
      className="interest-history-table d-flex flex-column flex-grow-1"
      dataSourceParams={
        Object {
          "contactsEntityId": "test",
          "contactsEntityType": 4,
          "groupId": "23",
          "individualSegmentId": "test",
          "interestName": "1",
        }
      }
      delta={2}
      filterBy={Immutable.Map {}}
      groupId="23"
      page={1}
      query=""
      tabId="individuals"
    />
  </Card>
</div>
`;
