// Jest Snapshot v1, https://goo.gl/fbAQLP

exports[`DXPConnectionType should render 1`] = `
<div>
  <div
    class="dxp-connection-type row d-flex flex-grow-1 no-gutters"
  >
    <div
      class="token-connection col-8 d-flex flex-column flex-grow-1"
    >
      <div
        class="header"
      >
        <div
          class="title"
        >
          A new way to connect your DXP sites.
        </div>
      </div>
      <div
        class="modal-body d-flex flex-column justify-content-between"
      >
        <span
          class="description"
        >
          Using our new token-based connection, connecting Analytics Cloud to your sites is easier than ever. The latest DXP fix packs support this method.
        </span>
        <div
          class="benefits-requirements-container row no-gutters"
        >
          <div
            class="benefits col-6"
          >
            <div
              class="heading"
            >
              Benefits:
            </div>
            <ul>
              <li
                class="item"
              >
                <svg
                  class="icon-root lexicon-icon lexicon-icon-check-circle benefits-check"
                  viewBox=""
                >
                  <use
                    xlink:href="#check-circle"
                  />
                </svg>
                <span>
                  Faster Setup
                </span>
              </li>
              <li
                class="item"
              >
                <svg
                  class="icon-root lexicon-icon lexicon-icon-check-circle benefits-check"
                  viewBox=""
                >
                  <use
                    xlink:href="#check-circle"
                  />
                </svg>
                <span>
                  More Secure
                </span>
              </li>
              <li
                class="item"
              >
                <svg
                  class="icon-root lexicon-icon lexicon-icon-check-circle benefits-check"
                  viewBox=""
                >
                  <use
                    xlink:href="#check-circle"
                  />
                </svg>
                <span>
                  Finer Control of Your Data
                </span>
              </li>
            </ul>
          </div>
          <div
            class="requirements col-6"
          >
            <div
              class="heading"
            >
              DXP Minimum Requirements:
            </div>
            <ul>
              <li
                class="item"
              >
                7.2 Fix Pack 5/SP2
              </li>
              <li
                class="item"
              >
                7.1 Fix Pack 18/SP4
              </li>
              <li
                class="item"
              >
                7.0 Fix Pack 90/SP13
              </li>
            </ul>
          </div>
        </div>
        <div
          class="connect-button-container d-flex justify-content-center"
        >
          <button
            class="button-root btn btn-primary"
            type="button"
          >
            Connect with Token
          </button>
        </div>
      </div>
    </div>
    <div
      class="oauth-connection col-4 d-flex flex-column flex-grow-1"
    >
      <div
        class="header d-flex"
      >
        <div
          class="title flex-grow-1"
        >
          Can't Upgrade?
        </div>
        <div
          class="d-flex justify-content-end"
        >
          <button
            class="close-button btn btn-monospaced btn-outline-borderless btn-sm btn-outline-secondary"
            type="button"
          >
            <svg
              class="lexicon-icon lexicon-icon-times"
              role="presentation"
            >
              <use
                xlink:href="#times"
              />
            </svg>
          </button>
        </div>
      </div>
      <div
        class="modal-body d-flex flex-column justify-content-between"
      >
        <div
          class="description"
        >
          If your DXP instance does not meet the minimum requirements, you must connect with OAuth.
          <div
            class="secondary-info"
          >
            This connection type will be deprecated in a future Analytics Cloud release.
          </div>
        </div>
        <div
          class="connect-button-container d-flex justify-content-center"
        >
          <a
            class="button-root btn btn-secondary"
            href="/workspace/123/settings/data-source/liferay"
          >
            Connect with OAuth
          </a>
        </div>
      </div>
      <div
        class="modal-footer d-flex justify-content-end"
      >
        <button
          class="button-root btn btn-light skip-button btn-outline-borderless"
          type="button"
        >
          Cancel
        </button>
      </div>
    </div>
  </div>
</div>
`;
