// Jest Snapshot v1, https://goo.gl/fbAQLP

exports[`HeaderCell should render 1`] = `
<div>
  <th
    class="table-head-title"
  >
    <button
      class="button-root btn btn-unstyled inline-item text-truncate-inline"
      type="button"
    >
      <span
        class="text-truncate"
      >
        <p>
          children
        </p>
      </span>
    </button>
  </th>
</div>
`;
