// Jest Snapshot v1, https://goo.gl/fbAQLP

exports[`RowActions should render 1`] = `
<td
  className=""
>
  <RowActions
    actions={
      Array [
        Object {
          "label": "foo",
        },
      ]
    }
    quickActions={Array []}
  />
</td>
`;

exports[`RowActions should render with quick actions 1`] = `
<Fragment>
  <div
    className="quick-action-menu"
  >
    <Button
      alt="foo"
      className="component-action quick-action-item"
      display="unstyled"
      key="foo"
    >
      <Icon
        symbol="pencil"
      />
    </Button>
  </div>
  <Dropdown
    align="bottomRight"
    buttonProps={
      Object {
        "className": "component-action",
        "display": "unstyled",
      }
    }
    className="dropdown-action"
    disabled={false}
    forceAlignment={false}
    icon="ellipsis-v"
    showCaret={false}
  >
    <Item
      active={false}
      hideOnClick={true}
      key="foo"
    >
      foo
    </Item>
  </Dropdown>
</Fragment>
`;
