// Jest Snapshot v1, https://goo.gl/fbAQLP

exports[`Dropdown Item should render 1`] = `
<div>
  <li>
    <a
      class="dropdown-item"
      href="javascript:;"
    >
      Item 1
    </a>
  </li>
</div>
`;

exports[`Dropdown should render 1`] = `
<div>
  <div
    class="analytics-dropdown dropdown btn-group"
  >
    <button
      aria-haspopup="true"
      class="button-root btn btn-secondary btn-sm dropdown-toggle"
      type="button"
    >
      Item 1
      <span
        class="inline-item inline-item-after"
      >
        <svg
          class="icon-root lexicon-icon lexicon-icon-caret-bottom"
          viewBox=""
        >
          <use
            xlink:href="#caret-bottom"
          />
        </svg>
      </span>
    </button>
  </div>
</div>
`;
