// Jest Snapshot v1, https://goo.gl/fbAQLP

exports[`Filter should render 1`] = `
<div
  className="analytics-filter"
>
  <div
    className="analytics-dropdown dropdown btn-group border-0"
  >
    <Button
      aria-label="Dropdown Filter"
      className="dropdown-toggle btn-outline-borderless"
      display="secondary"
      icon="caret-bottom"
      iconAlignment="right"
      onClick={[Function]}
      size="sm"
    >
      Filter
    </Button>
  </div>
  <DropdownMenu
    items={
      Array [
        Object {
          "hasSearch": true,
          "items": Array [
            Object {
              "category": "Location",
              "checked": false,
              "inputType": "radio",
              "items": null,
              "label": "Albania",
              "value": "2",
            },
            Object {
              "category": "Location",
              "checked": false,
              "inputType": "radio",
              "items": null,
              "label": "Brazil",
              "value": "2",
            },
            Object {
              "category": "Location",
              "checked": false,
              "inputType": "radio",
              "items": null,
              "label": "Jamaica",
              "value": "2",
            },
            Object {
              "category": "Location",
              "checked": false,
              "inputType": "radio",
              "items": null,
              "label": "United States",
              "value": "2",
            },
            Object {
              "category": "Location",
              "checked": false,
              "inputType": "radio",
              "items": null,
              "label": "Portugual",
              "value": "2",
            },
          ],
          "label": "Location",
          "name": "location",
          "value": "156",
        },
        Object {
          "hasSearch": false,
          "items": Array [
            Object {
              "category": "Devices",
              "checked": false,
              "inputType": "radio",
              "items": null,
              "label": "Desktop",
              "value": "9",
            },
            Object {
              "category": "Devices",
              "checked": false,
              "inputType": "radio",
              "items": null,
              "label": "EReader",
              "value": "9",
            },
            Object {
              "category": "Devices",
              "checked": false,
              "inputType": "radio",
              "items": null,
              "label": "Mobile",
              "value": "9",
            },
            Object {
              "category": "Devices",
              "checked": false,
              "inputType": "radio",
              "items": null,
              "label": "SmartPhone",
              "value": "9",
            },
            Object {
              "category": "Devices",
              "checked": false,
              "inputType": "radio",
              "items": null,
              "label": "Tablet",
              "value": "9",
            },
          ],
          "label": "Devices",
          "name": "devices",
        },
      ]
    }
    itemsIconAlignment="right"
    onSelectItemsChange={[Function]}
    show={false}
  />
  <AppliedFilters
    filters={Object {}}
    onChange={[Function]}
  />
</div>
`;
