// Jest Snapshot v1, https://goo.gl/fbAQLP

exports[`WebBrowser should render 1`] = `
<div>
  <div
    class="analytics-web-browser-chart d-flex align-items-center w-100 position-relative"
  >
    <div
      class="analytics-web-browser-chart-donut"
    >
      <div
        class="chart-root"
      >
        <div />
      </div>
    </div>
    <ul
      class="analytics-web-browser-chart-legend legend-template"
      id="webBrowserLegend"
    />
  </div>
</div>
`;
