// Jest Snapshot v1, https://goo.gl/fbAQLP

exports[`SegmentProfileCard should render 1`] = `
<div>
  <div
    class="card card-root segment-profile-card-root"
  >
    <ul
      class="card-tabs-root"
    >
      <li
        class="card-tab active"
        data-testid="growth"
      >
        <a
          class="button-root btn btn-unstyled"
          href="/workspace/23/123/contacts/segments/3/growth"
        >
          <span
            class="title"
          >
            Membership
          </span>
          <div>
            <b
              class="primary-content"
            >
              10
            </b>
             Individuals in Segment
          </div>
        </a>
      </li>
      <li
        class="card-tab"
        data-testid="engagement"
      >
        <a
          class="button-root btn btn-unstyled"
          href="/workspace/23/123/contacts/segments/3/engagement"
        >
          <span
            class="title"
          >
            Segment Engagement Score
          </span>
          <div>
            <span
              class="primary-content"
            >
              4.90
              <span
                class="denominator"
              >
                /10
              </span>
            </span>
             Avg. Member Score
          </div>
        </a>
      </li>
    </ul>
    <div
      class="card-body"
    >
      <div
        class="recharts-responsive-container"
        style="width: 100%; height: 360px;"
      >
        <div
          style="position: absolute; width: 0px; height: 0px; visibility: hidden; display: none;"
        />
      </div>
    </div>
  </div>
</div>
`;
