// Jest Snapshot v1, https://goo.gl/fbAQLP

exports[`SegmentProfileCard should render 1`] = `
<Card
  className="segment-profile-card-root"
>
  <CardTabs
    activeTabId="growth"
    tabs={
      Array [
        Object {
          "secondaryInfo": Array [
            <b
              className="primary-content"
            >
              10
            </b>,
            " Individuals in Segment",
          ],
          "tabId": "growth",
          "tabUrl": "/workspace/23/123/contacts/segments/3/growth",
          "title": "Membership",
        },
        Object {
          "secondaryInfo": Array [
            <span
              className="primary-content"
            >
              <React.Fragment>
                4.90
                <span
                  className="denominator"
                >
                  /10
                </span>
              </React.Fragment>
            </span>,
            " Avg. Member Score",
          ],
          "tabId": "engagement",
          "tabUrl": "/workspace/23/123/contacts/segments/3/engagement",
          "title": "Segment Engagement Score",
        },
      ]
    }
  />
  <Body>
    <Component
      channelId="123"
      groupId="23"
      id="3"
      tabId="growth"
    />
  </Body>
</Card>
`;
