// Jest Snapshot v1, https://goo.gl/fbAQLP

exports[`AddWorkspace should render 1`] = `
<div>
  <div
    class="add-workspace-root"
  >
    <div
      class="workspaces-base-page-root"
    >
      <div
        class="header-container"
      >
        <a
          href="https://liferay.com"
          target="_blank"
        >
          <svg
            class="icon-root lexicon-icon lexicon-icon-liferay-logo liferay-logo"
            viewBox=""
          >
            <use
              xlink:href="/o/osb-faro-web/dist/sprite.svg#liferay-logo"
            />
          </svg>
        </a>
        <div>
          <button
            class="user-menu button-root btn btn-unstyled trigger"
            style=""
            type="button"
          >
            <div
              class="text-truncate"
            >
              <div
                class="sticker sticker-root sticker-static avatar sticker-circle"
              >
                TT
              </div>
              <span
                class="user-name"
              >
                Test Test
              </span>
              <svg
                class="lexicon-icon lexicon-icon-caret-bottom caret"
                role="presentation"
              >
                <use
                  xlink:href="#caret-bottom"
                />
              </svg>
            </div>
          </button>
        </div>
      </div>
      <div
        class="content"
      >
        <div
          class="content-container"
        >
          <div
            class="title-container"
          >
            <div
              class="logo-container"
            >
              <svg
                class="icon-root lexicon-icon lexicon-icon-ac-logo logo-icon"
                viewBox=""
              >
                <use
                  xlink:href="/o/osb-faro-web/dist/sprite.svg#ac-logo"
                />
              </svg>
              <span
                class="logo-text"
              >
                Analytics Cloud
              </span>
            </div>
            <h1
              class="title"
            >
              New Workspace
            </h1>
            <div
              class="details-container"
            />
          </div>
          <div
            class="add-workspace-form-root"
          >
            <div
              class="sheet"
            >
              <form
                class="form-root"
              >
                <div
                  class="sheet-header"
                >
                  <h3
                    class="title"
                  >
                    Configure your new workspace
                  </h3>
                  <p>
                    test@liferay.com will be the owner of this workspace
                  </p>
                  <h3
                    class="sheet-subtitle"
                  >
                    General
                  </h3>
                  <div
                    class="sheet-section input-name"
                  >
                    <div
                      class=""
                    >
                      <label
                        class="form-control-label label-root"
                        for="name"
                      >
                        Workspace Name
                        <span
                          class="reference-mark"
                        >
                          <svg
                            class="lexicon-icon lexicon-icon-asterisk"
                            role="presentation"
                          >
                            <use
                              xlink:href="#asterisk"
                            />
                          </svg>
                        </span>
                      </label>
                      <input
                        class="input-root form-control"
                        id="name"
                        name="name"
                        type="text"
                        value=""
                      />
                    </div>
                  </div>
                  <div
                    class="sheet-section input-server"
                  >
                    <div
                      class=""
                    >
                      <label
                        class="form-control-label label-root"
                        for="serverLocation"
                      >
                        Data Center Location
                        <span
                          class="reference-mark"
                        >
                          <svg
                            class="lexicon-icon lexicon-icon-asterisk"
                            role="presentation"
                          >
                            <use
                              xlink:href="#asterisk"
                            />
                          </svg>
                        </span>
                        <p
                          class="instructions"
                        >
                          Select a server to store your data. This could have implications to your organization's policy on user data storage.
                        </p>
                      </label>
                      <select
                        class="form-control select-root"
                        data-testid="server-location-input"
                        id="serverLocation"
                        name="serverLocation"
                      >
                        <option
                          class=""
                          value="LONDON, ENGLAND"
                        >
                          London, England
                        </option>
                        <option
                          class=""
                          value="FRANKFURT, GERMANY"
                        >
                          Frankfurt, Germany
                        </option>
                        <option
                          class=""
                          value="SÃO PAULO, BRAZIL"
                        >
                          São Paulo, Brazil
                        </option>
                        <option
                          class=""
                          value="OREGON, USA"
                        >
                          Oregon, USA
                        </option>
                      </select>
                    </div>
                  </div>
                  <div
                    class="sheet-section"
                  >
                    <div
                      class=""
                    >
                      <label
                        class="form-control-label label-root"
                        for="friendlyURL"
                      >
                        Set a Friendly Workspace URL
                        <p
                          class="instructions"
                        >
                          You can only set your friendly workspace URL once.
                        </p>
                        <p
                          class="instructions form-text"
                        >
                          http://localhost:3000/workspace
                        </p>
                      </label>
                      <div
                        class="input-group"
                      >
                        <div
                          class="input-group-item input-group-item-shrink input-group-prepend"
                        >
                          <div
                            class="input-group-text"
                          >
                            /
                          </div>
                        </div>
                        <div
                          class="input-group-item input-group-append"
                        >
                          <input
                            class="input-root form-control"
                            data-testid="friendly-url-input"
                            id="friendlyURL"
                            name="friendlyURL"
                            type="text"
                            value=""
                          />
                        </div>
                      </div>
                    </div>
                  </div>
                  <div
                    class="sheet-section"
                  >
                    <div
                      class=""
                    >
                      <label
                        class="form-control-label label-root"
                        for="emailAddressDomains"
                      >
                        Allowed Email Domains
                        <p
                          class="instructions"
                        >
                          Anyone with an email address at these domains can request access to your workspace.
                        </p>
                      </label>
                      <div
                        class="input-group"
                      >
                        <div
                          class="input-group"
                        >
                          <div
                            class="input-group-item input-group-item-shrink input-group-prepend"
                          >
                            <div
                              class="input-group-text"
                            >
                              @
                            </div>
                          </div>
                          <div
                            class="input-group-item input-group-append"
                          >
                            <div
                              class="input-group-item input-list-root"
                            >
                              <div
                                class="form-control form-control-tag-group"
                              >
                                <input
                                  class="form-control-inset"
                                  placeholder=""
                                  type="text"
                                  value=""
                                />
                              </div>
                            </div>
                          </div>
                        </div>
                      </div>
                    </div>
                  </div>
                </div>
                <div
                  class="sheet-footer"
                >
                  <div
                    class="terms"
                  >
                    <div
                      class="custom-control custom-checkbox"
                    >
                      <label>
                        <input
                          class="custom-control-input"
                          form="[object Object]"
                          name="termsAcceptance"
                          type="checkbox"
                          value="false"
                        />
                        <span
                          class="custom-control-label"
                        >
                          <span
                            class="custom-control-label-text"
                          >
                            I Agree
                          </span>
                        </span>
                      </label>
                    </div>
                    <p>
                      By selecting "I Agree", you agree to our 
                      <a
                        href="https://web.liferay.com/legal/doc/SSA/AC/1001810"
                      >
                        Terms and Conditions
                      </a>
                       including our 
                      <a
                        href="https://www.liferay.com/privacy-policy"
                      >
                        Privacy Policy
                      </a>
                      .
                    </p>
                  </div>
                  <button
                    class="button-root btn btn-primary btn-block"
                    disabled=""
                    type="submit"
                  >
                    Create Workspace
                  </button>
                </div>
              </form>
            </div>
          </div>
        </div>
      </div>
    </div>
  </div>
</div>
`;
