// Jest Snapshot v1, https://goo.gl/fbAQLP

exports[`VisitorsByTimeCard render 1`] = `
<div
  class="card card-root"
>
  <div
    class="card-header align-items-center d-flex justify-content-between"
  >
    <h5
      class="card-title"
    />
    <div
      class="spinner-root spinner-inline"
    >
      <span
        class="loading-animation loading-animation-dotted"
      />
    </div>
  </div>
  <div
    class="card-body"
  >
    <div
      class="spinner-root spinner-center spinner-spacer"
    >
      <span
        class="loading-animation loading-animation-dotted"
      />
    </div>
  </div>
</div>
`;

exports[`renderTooltip render 1`] = `<<table class="analytics-tooltip-chart" data-reactroot=""><thead class="analytics-tooltip-chart-header "><tr class="analytics-tooltip-chart-row "><td><div class="analytics-tooltip-chart-content analytics-tooltip-chart-column text-left font-weight-semibold"> <!-- -->Sunday - 12 PM</div></td></tr></thead><tbody class="analytics-tooltip-chart-body "><tr class="analytics-tooltip-chart-row "><td><div class="analytics-tooltip-chart-content analytics-tooltip-chart-column text-center font-weight-normal"> <!-- -->98 Visitors</div></td></tr></tbody></table> />`;
