// Jest Snapshot v1, https://goo.gl/fbAQLP

exports[`IndividualAssociatedSegments should render 1`] = `
<AssociatedSegmentsList
  dataSourceFn={[Function]}
  delta={2}
  filterBy={Immutable.Map {}}
  groupId="23"
  id="test"
  orderBy="asc"
  orderByField="name"
  page={1}
  query=""
  total={0}
/>
`;
