// Jest Snapshot v1, https://goo.gl/fbAQLP

exports[`Sites Dashboard Index renders 1`] = `
<div>
  <div
    class="index-root sites-dashboard-root"
  >
    <div
      class="maintenance-alert-root"
    />
    <header
      class="header-root"
    >
      <div
        class="header-container"
      >
        <div
          class="row-root align-items-center d-flex justify-content-between"
        >
          <ol
            class="breadcrumb breadcrumbs-root"
          >
            <li
              class="breadcrumb-item"
            >
              <a
                class="breadcrumb-link breadcrumb-text-truncate"
                href="/workspace/2000/123/sites"
              >
                Channel 1
              </a>
            </li>
          </ol>
        </div>
        <div
          class="header-section title-section"
        >
          <span
            class="align-items-center d-flex"
          >
            <h1
              class="title text-truncate"
            >
              <span
                class="text-truncate"
                data-tooltip="false"
                title=""
              >
                Sites
              </span>
            </h1>
          </span>
        </div>
        <ul
          class="nav-root page-subnav nav nav-underline"
          role="tablist"
        >
          <li
            class="nav-item active"
            role="presentation"
          >
            <a
              class="nav-link active"
              href="/workspace/2000/123/sites"
              role="tab"
            >
              <span
                class="title"
              >
                Overview
              </span>
            </a>
          </li>
          <li
            class="nav-item"
            role="presentation"
          >
            <a
              class="nav-link"
              href="/workspace/2000/123/sites/pages"
              role="tab"
            >
              <span
                class="title"
              >
                Pages
              </span>
            </a>
          </li>
          <li
            class="nav-item"
            role="presentation"
          >
            <a
              class="nav-link"
              href="/workspace/2000/123/sites/interests"
              role="tab"
            >
              <span
                class="title"
              >
                Interests
              </span>
            </a>
          </li>
        </ul>
      </div>
      <div
        class="embedded-alert-list-root notification-alert-list-root"
      />
    </header>
    <div
      class="body-root page-container"
    >
      <span
        class="children-wrapper"
      />
    </div>
  </div>
</div>
`;
