// Jest Snapshot v1, https://goo.gl/fbAQLP

exports[`Summary should render 1`] = `
<div>
  <form
    class="form-root"
  >
    <div
      class="summary-root"
    >
      <div
        class="title"
      >
        Summary
      </div>
      <table>
        <tbody>
          <tr>
            <td>
              Name
            </td>
            <td>
              <span
                class="summary-value"
              >
                Test Name
              </span>
            </td>
          </tr>
          <tr>
            <td>
              Model Type
            </td>
            <td>
              <span
                class="summary-value"
              >
                Item Similarity
              </span>
            </td>
          </tr>
          <tr>
            <td>
              Training Frequency
            </td>
            <td>
              <span
                class="summary-value"
              >
                Run Manually
              </span>
            </td>
          </tr>
          <tr>
            <td>
              Training Period
            </td>
            <td>
              <span
                class="summary-value"
              >
                Last 30 days
              </span>
            </td>
          </tr>
        </tbody>
      </table>
      <div
        class="table-responsive table-root flex-grow-1"
      >
        <table
          class="table table-autofit table-hover table-heading-nowrap table-nowrap"
        >
          <thead>
            <tr
              class=""
            >
              <th
                class="table-head-title table-cell-expand"
              >
                Training Date
              </th>
              <th
                class="table-head-title table-column-text-end"
              >
                Events
              </th>
              <th
                class="table-head-title table-column-text-end"
              >
                Items
              </th>
            </tr>
          </thead>
          <tbody>
            <tr
              class=""
            >
              <td
                class="table-cell-expand"
              >
                Jul 10, 2018
              </td>
              <td
                class=" table-column-text-end"
              >
                -
              </td>
              <td
                class=" table-column-text-end"
              >
                -
              </td>
            </tr>
          </tbody>
        </table>
      </div>
    </div>
  </form>
</div>
`;
