// Jest Snapshot v1, https://goo.gl/fbAQLP

exports[`CSVPreviewModal should render 1`] = `
<div>
  <div
    aria-modal="true"
    class="modal-dialog  undefined modal-lg"
    role="dialog"
  >
    <div
      class="modal-content"
    >
      <div
        class="modal-header"
      >
        <h4
          class="modal-title"
        >
          Data Preview ""
        </h4>
        <button
          class="button-root btn btn-secondary close"
          type="button"
        >
          <svg
            class="icon-root lexicon-icon lexicon-icon-times"
            viewBox=""
          >
            <use
              xlink:href="#times"
            />
          </svg>
        </button>
      </div>
      <table>
        <tr>
          <th>
            email
          </th>
          <th>
            familyName
          </th>
          <th>
            givenName
          </th>
        </tr>
        <tr>
          <td>
            test@liferay.com
          </td>
          <td>
            Bloggs
          </td>
          <td>
            Joe
          </td>
        </tr>
      </table>
    </div>
  </div>
</div>
`;
