// Jest Snapshot v1, https://goo.gl/fbAQLP

exports[`ChartTooltip should render 1`] = `
<div>
  <div
    class="chart-tooltip-root"
  >
    <div
      class="header"
    >
      <div
        class="title"
      >
        Test Title
      </div>
      Test Subtitle
    </div>
    <div
      class="divider"
    />
    <div
      class="contents"
    >
      <div>
        Test Label
        <b>
          Test Value
        </b>
      </div>
    </div>
  </div>
</div>
`;
