// Jest Snapshot v1, https://goo.gl/fbAQLP

exports[`DurationInput should render 1`] = `
<div>
  <div
    class="input-group"
  >
    <input
      class="input-root form-control"
      type="number"
      value=""
    />
    <div
      class="input-group-item input-group-append"
    >
      <div
        aria-haspopup="true"
        class="dropdown dropdown-root"
      >
        <button
          class="button-root btn btn-secondary dropdown-toggle show-caret"
          type="button"
        >
          <span
            class="text-truncate"
          >
            Hours
          </span>
          
          <span
            class="caret-root"
          >
            <svg
              class="icon-root lexicon-icon lexicon-icon-caret-bottom"
              viewBox=""
            >
              <use
                xlink:href="#caret-bottom"
              />
            </svg>
          </span>
        </button>
      </div>
    </div>
  </div>
</div>
`;
