// Jest Snapshot v1, https://goo.gl/fbAQLP

exports[`TouchpointPathQuery Mappers should extract percent and total from result 1`] = `
Object {
  "data": Object {
    "links": Array [
      Object {
        "source": 0,
        "target": 8,
        "value": 4502,
      },
      Object {
        "source": 1,
        "target": 8,
        "value": 1262,
      },
      Object {
        "source": 2,
        "target": 8,
        "value": 483,
      },
      Object {
        "source": 3,
        "target": 8,
        "value": 240,
      },
      Object {
        "source": 4,
        "target": 8,
        "value": 124,
      },
      Object {
        "source": 5,
        "target": 8,
        "value": 22,
      },
      Object {
        "source": 6,
        "target": 8,
        "value": 12,
      },
      Object {
        "source": 7,
        "target": 8,
        "value": 100,
      },
    ],
    "nodes": Array [
      Object {
        "external": false,
        "name": "www.liferay.com/",
        "url": "https://www.liferay.com/",
      },
      Object {
        "external": true,
        "name": "www.google.com/",
        "url": "https://www.google.com/",
      },
      Object {
        "external": true,
        "name": "www.google.co.in/",
        "url": "https://www.google.co.in/",
      },
      Object {
        "external": false,
        "name": "www.liferay.com/downloads",
        "url": "https://www.liferay.com/downloads",
      },
      Object {
        "external": false,
        "name": "www.liferay.com/digital-experience-platform",
        "url": "https://www.liferay.com/digital-experience-platform",
      },
      Object {
        "external": false,
        "name": "www.liferay.com/digital-experience-platform",
        "url": "https://www.liferay.com/digital-experience-platform",
      },
      Object {
        "external": false,
        "name": "www.liferay.com/thanks-for-downloading",
        "url": "https://www.liferay.com/thanks-for-downloading",
      },
      Object {
        "color": "#AEB0BB",
        "external": false,
        "name": "Others",
        "url": "others",
      },
      Object {
        "directAccessMetric": 1537,
        "indirectAccessMetric": 13212,
        "name": "Liferay",
        "total": 2000,
        "url": "https://liferay.com",
      },
    ],
  },
  "error": null,
  "loading": false,
  "refetch": undefined,
}
`;
