// Jest Snapshot v1, https://goo.gl/fbAQLP

exports[`Input should render 1`] = `
<div>
  <div
    class=""
  >
    <input
      class="input-root form-control"
      id="foo"
      name="foo"
      type="text"
      value=""
    />
  </div>
</div>
`;

exports[`Input should render a masked input 1`] = `
<div>
  <div
    class=""
  >
    <input
      class="input-root form-control"
      id="foo"
      name="foo"
      type="text"
      value=""
    />
  </div>
</div>
`;
