// Jest Snapshot v1, https://goo.gl/fbAQLP

exports[`PasswordInput should render 1`] = `
<ForwardRef
  disabled={false}
  field={
    Object {
      "name": "foo",
    }
  }
  form={
    Object {
      "errors": Object {},
      "touched": Object {},
    }
  }
  inset={
    Object {
      "content": <ForwardRef
        disabled={false}
        display="unstyled"
        onClick={[Function]}
      >
        <Icon
          symbol="view"
        />
      </ForwardRef>,
      "position": "after",
    }
  }
  type="password"
/>
`;

exports[`PasswordInput should render with an input type of "text" if showPassword is true 1`] = `
<div
  class=""
>
  <div
    class="input-group"
  >
    <div
      class="input-group-item"
    >
      <input
        class="input-root form-control input-group-inset input-group-inset-after"
        id="foo"
        name="foo"
        type="text"
      />
      <div
        class="input-group-inset-item input-group-inset-item-after"
      >
        <button
          class="button-root btn btn-unstyled"
          type="button"
        >
          <svg
            class="icon-root lexicon-icon lexicon-icon-hidden"
            viewBox=""
          >
            <use
              href="/o/osb-faro-web/dist/sprite.svg#hidden"
            />
          </svg>
        </button>
      </div>
    </div>
  </div>
</div>
`;
