// Jest Snapshot v1, https://goo.gl/fbAQLP

exports[`AppliedFilters should render 1`] = `
<div
  className="analytics-applied-filters d-inline-flex align-items-center"
>
  <div
    className="ml-3"
    key="Devices_item"
  >
    <small
      className="font-weight-semibold mr-2 text-secondary text-uppercase"
    />
    <Label
      closeable={true}
      data={
        Object {
          "category": "Devices",
          "label": "Desktop",
        }
      }
      display="secondary"
      key="0_subItems"
      label="Desktop"
      onRemove={[Function]}
      size="lg"
    />
  </div>
  <div
    className="ml-3"
    key="Location_item"
  >
    <small
      className="font-weight-semibold mr-2 text-secondary text-uppercase"
    />
    <Label
      closeable={true}
      data={
        Object {
          "category": "Location",
          "label": "Brazil",
        }
      }
      display="secondary"
      key="0_subItems"
      label="Brazil"
      onRemove={[Function]}
      size="lg"
    />
  </div>
  <ForwardRef
    className="ml-4"
    display="secondary"
    icon="trash"
    onClick={[Function]}
    size="sm"
  >
    Clear Filter
  </ForwardRef>
</div>
`;

exports[`AppliedFilters should render with no filters applied 1`] = `
<div
  className="analytics-applied-filters d-inline-flex align-items-center"
/>
`;
