// Jest Snapshot v1, https://goo.gl/fbAQLP

exports[`LiferayConfigurationStatus should render 1`] = `
<BaseTabsPage
  activeTabId="configureDataSource"
  addRoute="/workspace/:groupId([\\\\w._-]+)/settings/data-source/liferay"
  breadcrumbItems={
    Array [
      Object {
        "href": "/workspace/23/settings/data-source",
        "label": "Data Sources",
      },
      Object {
        "active": false,
        "href": "/workspace/23/settings/data-source/23",
        "label": "Liferay1",
        "truncate": true,
      },
      Object {
        "active": true,
        "label": "Configuration Status",
      },
    ]
  }
  className=""
  configurationRoute="/workspace/:groupId([\\\\w._-]+)/settings/data-source/:id/liferay/configuration-status"
  currentUser={
    Immutable.Record {
      "emailAddress": "test@liferay.com",
      "groupId": null,
      "id": 0,
      "name": "Test Test",
      "roleName": "Site Owner",
      "screenName": "",
      "status": 1,
      "userId": null,
    }
  }
  dataSource={
    Object {
      "credentials": Object {
        "login": "LiferayUser1",
      },
      "dateCreated": 1531090866366,
      "disabled": false,
      "event": null,
      "fileName": null,
      "id": "1",
      "lastSyncDate": 1531263666366,
      "name": "Liferay1",
      "properties": Object {},
      "provider": Object {
        "analyticsConfiguration": null,
        "contactsConfiguration": null,
        "instanceInfo": Object {},
        "type": "LIFERAY",
      },
      "providerType": "LIFERAY",
      "state": "CREDENTIALS_VALID",
      "status": "ACTIVE",
      "type": 1,
      "url": "https://www.faro-1.io",
    }
  }
  documentTitle="Liferay1"
  groupId="23"
  id="23"
  key="configurationStatus"
  pageTitle="Configure Liferay DXP"
  showDelete={true}
>
  <Body>
    <withRouter()
      dataSource={
        Object {
          "credentials": Object {
            "login": "LiferayUser1",
          },
          "dateCreated": 1531090866366,
          "disabled": false,
          "event": null,
          "fileName": null,
          "id": "1",
          "lastSyncDate": 1531263666366,
          "name": "Liferay1",
          "properties": Object {},
          "provider": Object {
            "analyticsConfiguration": null,
            "contactsConfiguration": null,
            "instanceInfo": Object {},
            "type": "LIFERAY",
          },
          "providerType": "LIFERAY",
          "state": "CREDENTIALS_VALID",
          "status": "ACTIVE",
          "type": 1,
          "url": "https://www.faro-1.io",
        }
      }
      disabled={false}
      groupId="23"
      id="23"
    />
  </Body>
</BaseTabsPage>
`;
