// Jest Snapshot v1, https://goo.gl/fbAQLP

exports[`SyncSites should render 1`] = `
<div>
  <div
    class="settings-base-page-root data-source-base-page-root sync-sites-root"
  >
    <div
      class="maintenance-alert-root"
    />
    <ol
      class="breadcrumb breadcrumbs-root"
    >
      <li
        class="breadcrumb-item"
      >
        <a
          class="breadcrumb-link breadcrumb-text-truncate"
          href="/workspace/23/settings/data-source"
        >
          Data Sources
        </a>
      </li>
      <li
        class="breadcrumb-item"
      >
        <a
          class="breadcrumb-link breadcrumb-text-truncate"
          href="/workspace/23/settings/data-source/23"
        >
          Liferay0
        </a>
      </li>
      <li
        class="breadcrumb-item active"
      >
        <span
          class="breadcrumb-text-truncate"
        >
          Configure Sites
        </span>
      </li>
    </ol>
    <div
      class="content-header"
    >
      <div
        class="header-text"
      >
        <h3>
          <span
            class="text-truncate"
            data-tooltip="false"
            title=""
          >
            Configuration Options
          </span>
        </h3>
        <div
          class="description"
        >
          Liferay0 - https://www.faro-0.io
        </div>
      </div>
      <div
        class="page-actions-container"
      />
    </div>
    <div>
      <div
        class="page-container"
      >
        <div
          class="content-main"
        >
          <div
            class="sheet"
          >
            <div
              class="sheet-header divider"
            >
              <div
                class="timeline-root"
              >
                <div
                  class="step active"
                >
                  <div
                    class="title"
                  >
                    Analytics
                  </div>
                  <div
                    class="circle"
                  >
                    1
                  </div>
                </div>
              </div>
            </div>
            <div
              class="sheet-body"
            >
              <h3>
                Register sites for Analytics.
              </h3>
              <p>
                Select sites to register for use in Analytics. Analytics will sync all pages and assets within the sites selected for tracking in Analytics Cloud.
              </p>
            </div>
            <div
              class="searchable-table-with-staged-root d-flex flex-column flex-grow-1"
            >
              <div
                class="base-results-root d-flex flex-column flex-grow-1 searchable-table-root searchable-table-borderless"
              >
                <div
                  class="toolbar-root"
                >
                  <nav
                    class="navbar navbar-root management-bar management-bar-light navbar-expand"
                  >
                    <div
                      class="container-fluid"
                    >
                      <ul
                        class="nav-root front-nav navbar-nav"
                        role="tablist"
                      >
                        <li
                          class="nav-item"
                          role="presentation"
                        >
                          <div
                            class="custom-control custom-checkbox"
                          >
                            <label>
                              <input
                                class="custom-control-input"
                                data-testid="select-all-checkbox"
                                disabled=""
                                type="checkbox"
                                value="false"
                              />
                              <span
                                class="custom-control-label"
                              />
                            </label>
                          </div>
                        </li>
                      </ul>
                      <div
                        class="navbar-form navbar-form-autofit"
                      >
                        <div
                          class="input-group search"
                        >
                          <div
                            class="input-group-item"
                          >
                            <input
                              class="input-root form-control input-group-inset input-group-inset-after"
                              placeholder="Search"
                              type="text"
                              value=""
                            />
                            <div
                              class="input-group-inset-item input-group-inset-item-after"
                            >
                              <button
                                class="button-root btn btn-unstyled"
                                type="button"
                              >
                                <svg
                                  class="icon-root lexicon-icon lexicon-icon-search"
                                  viewBox=""
                                >
                                  <use
                                    xlink:href="#search"
                                  />
                                </svg>
                              </button>
                            </div>
                          </div>
                        </div>
                      </div>
                    </div>
                  </nav>
                </div>
                <div
                  class="table-responsive table-root flex-grow-1"
                >
                  <table
                    class="table table-autofit table-hover table-heading-nowrap table-nowrap"
                  >
                    <thead>
                      <tr
                        class=""
                      >
                        <th />
                        <th
                          class="table-head-title table-cell-expand"
                        >
                          Name
                        </th>
                      </tr>
                    </thead>
                  </table>
                  <div
                    class="spinner-root spinner-overlay"
                  >
                    <span
                      class="loading-animation loading-animation-dotted"
                    />
                  </div>
                </div>
              </div>
            </div>
            <div
              class="sheet-footer divider"
            >
              <div
                class="form-navigation-root"
              >
                <a
                  class="button-root btn btn-secondary cancel"
                  href="/workspace/23/settings/data-source/23/liferay/configuration-status"
                >
                  Cancel
                </a>
                <button
                  class="button-root btn btn-primary"
                  disabled=""
                  type="button"
                >
                  Configure
                </button>
              </div>
            </div>
          </div>
        </div>
        <div
          class="content-side"
        >
          <div
            class="panel-root upgrade-connection-card-root"
          >
            <div
              class="panel-header"
              role="button"
              tabindex="0"
            >
              <div
                class="panel-title"
              >
                Upgrade Your Connection Type
              </div>
            </div>
            <div
              class="panel-body"
            >
              <p>
                Analytics Cloud now uses a more secure token-based connection that gives you finer control of your data. OAuth connections will be deprecated in a future release. Click the button below to get started with migrating your data source.
              </p>
              <button
                class="button-root btn btn-secondary btn-sm"
                type="button"
              >
                Start Upgrade...
              </button>
            </div>
          </div>
          <div
            class="panel-root data-source-status-root"
          >
            <div
              class="panel-header"
              role="button"
              tabindex="0"
            >
              <div
                class="panel-title"
              >
                <div>
                  Current Status:
                </div>
              </div>
              <div
                class="panel-title-label"
              >
                <div
                  class="label label-root label-info label-lg label-uppercase"
                >
                  <span
                    class="label-item"
                  >
                    Authenticated
                  </span>
                </div>
              </div>
            </div>
            <div
              class="panel-body"
            >
              You have successfully authenticated your client id and secret with you data source. You can now configure your data.
            </div>
          </div>
        </div>
      </div>
    </div>
  </div>
</div>
`;
