// Jest Snapshot v1, https://goo.gl/fbAQLP

exports[`Individuals Dashboard KnownIndividuals List renders 1`] = `
<div>
  <div
    class="individuals-dashboard-known-individuals-root"
  >
    <div
      class="row"
    >
      <div
        class="col-xl-12"
      >
        <div
          class="card card-root page-display"
        >
          <div
            class="searchable-table-with-staged-root d-flex flex-column flex-grow-1"
          >
            <div
              class="base-results-root d-flex flex-column flex-grow-1 searchable-table-root searchable-table-borderless"
            >
              <div
                class="toolbar-root"
              >
                <nav
                  class="navbar navbar-root management-bar management-bar-light navbar-expand"
                >
                  <div
                    class="container-fluid"
                  >
                    <ul
                      class="nav-root front-nav navbar-nav"
                      role="tablist"
                    >
                      <li
                        class="nav-item"
                        role="presentation"
                      >
                        <div
                          class="custom-control custom-checkbox"
                        >
                          <label>
                            <input
                              class="custom-control-input"
                              data-testid="select-all-checkbox"
                              disabled=""
                              type="checkbox"
                              value="false"
                            />
                            <span
                              class="custom-control-label"
                            />
                          </label>
                        </div>
                      </li>
                      <li
                        aria-haspopup="true"
                        class="dropdown dropdown-root filter-and-order-root nav-item"
                      >
                        <button
                          class="button-root btn btn-unstyled dropdown-toggle nav-btn show-caret"
                          data-testid="filter-and-order-button"
                          type="button"
                        >
                          <span
                            class="text-truncate"
                          >
                            Order
                          </span>
                          
                          <span
                            class="caret-root"
                          >
                            <svg
                              class="icon-root lexicon-icon lexicon-icon-caret-bottom"
                              viewBox=""
                            >
                              <use
                                xlink:href="/o/osb-faro-web/dist/sprite.svg#caret-bottom"
                              />
                            </svg>
                          </span>
                        </button>
                      </li>
                      <li
                        class="nav-item"
                        role="presentation"
                      >
                        <a
                          class="button-root btn btn-unstyled nav-link nav-link-monospaced btn-outline-borderless"
                          href="/?orderBy=desc&page=1"
                        >
                          <svg
                            class="icon-root lexicon-icon lexicon-icon-order-arrow-ascending"
                            viewBox=""
                          >
                            <use
                              xlink:href="/o/osb-faro-web/dist/sprite.svg#order-arrow-ascending"
                            />
                          </svg>
                        </a>
                      </li>
                    </ul>
                    <div
                      class="navbar-form navbar-form-autofit"
                    >
                      <div
                        class="input-group search"
                      >
                        <div
                          class="input-group-item"
                        >
                          <input
                            class="input-root form-control input-group-inset input-group-inset-after"
                            placeholder="Search"
                            type="text"
                            value=""
                          />
                          <div
                            class="input-group-inset-item input-group-inset-item-after"
                          >
                            <button
                              class="button-root btn btn-unstyled"
                              type="button"
                            >
                              <svg
                                class="icon-root lexicon-icon lexicon-icon-search"
                                viewBox=""
                              >
                                <use
                                  xlink:href="/o/osb-faro-web/dist/sprite.svg#search"
                                />
                              </svg>
                            </button>
                          </div>
                        </div>
                      </div>
                    </div>
                  </div>
                </nav>
              </div>
              <div
                class="table-responsive table-root flex-grow-1"
              >
                <table
                  class="table table-autofit table-hover table-heading-nowrap table-nowrap"
                >
                  <thead>
                    <tr
                      class=""
                    >
                      <th />
                      <th
                        class="table-head-title table-cell-expand"
                      >
                        <a
                          class="button-root btn btn-unstyled inline-item text-truncate-inline"
                          href="/?orderBy=desc&orderByField=name&page=1"
                        >
                          <span
                            class="text-truncate"
                          >
                            Name | Email
                          </span>
                          <span
                            class="inline-item inline-item-after"
                          >
                            <svg
                              class="icon-root lexicon-icon lexicon-icon-order-arrow-up"
                              viewBox=""
                            >
                              <use
                                xlink:href="/o/osb-faro-web/dist/sprite.svg#order-arrow-up"
                              />
                            </svg>
                          </span>
                        </a>
                      </th>
                      <th
                        class="table-head-title table-cell-expand"
                      >
                        <a
                          class="button-root btn btn-unstyled inline-item text-truncate-inline"
                          href="/?orderBy=asc&orderByField=jobTitle&page=1"
                        >
                          <span
                            class="text-truncate"
                          >
                            Job Title
                          </span>
                        </a>
                      </th>
                      <th
                        class="table-head-title table-column-text-end"
                      >
                        <a
                          class="button-root btn btn-unstyled inline-item text-truncate-inline"
                          href="/?orderBy=desc&orderByField=activitiesCount&page=1"
                        >
                          <span
                            class="text-truncate"
                          >
                            Total Activities
                          </span>
                        </a>
                      </th>
                      <th
                        class="table-head-title"
                      >
                        <a
                          class="button-root btn btn-unstyled inline-item text-truncate-inline"
                          href="/?orderBy=desc&orderByField=lastActivityDate&page=1"
                        >
                          <span
                            class="text-truncate"
                          >
                            Last Activity
                          </span>
                        </a>
                      </th>
                    </tr>
                  </thead>
                </table>
                <div
                  class="spinner-root spinner-overlay"
                >
                  <span
                    class="loading-animation loading-animation-dotted"
                  />
                </div>
              </div>
            </div>
          </div>
        </div>
      </div>
       
    </div>
  </div>
</div>
`;
