// Jest Snapshot v1, https://goo.gl/fbAQLP

exports[`ActivitiesChartTimeline should render 1`] = `
<Body
  className="activities-chart-timeline-root"
  noPadding={true}
>
  <ActivitiesChart
    forwardedRef={
      Object {
        "current": null,
      }
    }
    history={
      Array [
        Object {
          "intervalInitDate": 1531177266366,
          "totalElements": 1,
        },
        Object {
          "intervalInitDate": 1531263666366,
          "totalElements": 2,
        },
      ]
    }
    onPointSelect={[Function]}
  />
  <div
    className="selected-info"
  >
    <h4>
      Account's Activities - July 9, 2018 - July 10, 2018
    </h4>
  </div>
  <StatefulPagination
    dataSourceFn={[Function]}
    dataSourceParams={
      Object {
        "channelId": "123123",
        "contactsEntityId": "123",
        "contactsEntityType": 0,
        "endDate": 1531263666366,
        "groupId": "23",
        "startDate": 1531177266366,
      }
    }
    entityLabel="Activities"
    groupId="23"
    headerLabels={
      Object {
        "count": "Activity Count",
        "label": "Time",
        "title": "Session",
      }
    }
    initialExpanded={false}
    toolbarProps={Object {}}
  />
</Body>
`;
