// Jest Snapshot v1, https://goo.gl/fbAQLP

exports[`Search should render 1`] = `
<div>
  <div
    class="settings-base-page-root"
  >
    <div
      class="maintenance-alert-root"
    />
    <ol
      class="breadcrumb breadcrumbs-root"
    >
      <li
        class="breadcrumb-item"
      >
        <a
          class="breadcrumb-link breadcrumb-text-truncate"
          href="/workspace/23/settings/definitions"
        >
          Definitions
        </a>
      </li>
      <li
        class="breadcrumb-item active"
      >
        <span
          class="breadcrumb-text-truncate"
        >
          Search
        </span>
      </li>
    </ol>
    <div
      class="content-header"
    >
      <div
        class="header-text"
      >
        <h3>
          <span
            class="text-truncate"
            data-tooltip="false"
            title=""
          >
            Search
          </span>
        </h3>
        <div
          class="description"
        >
          Collect your property's search data by defining search query parameters.
        </div>
      </div>
      <div
        class="page-actions-container"
      />
    </div>
    <div />
  </div>
</div>
`;
