// Jest Snapshot v1, https://goo.gl/fbAQLP

exports[`PlanBreakdown should render 1`] = `
<div
  className="plan-breakdown small"
>
  <div
    className="limits"
  >
    <ul>
      <li>
        <Icon
          symbol="ac-users"
        />
        <span
          className="limit-amount semibold"
        >
          Unlimited
        </span>
        <span
          className="text-secondary"
        >
          Users
        </span>
      </li>
    </ul>
  </div>
  <div
    className="addons"
  >
    <p
      className="text-secondary semibold addon-list-header"
    >
      Add-ons
    </p>
    <ul>
      <li
        className="extra-small"
        key="Liferay Analytics Cloud Enterprise Contacts"
      >
        <span
          className="limit-amount semibold"
        >
          5,000
        </span>
        <span
          className="text-secondary"
        >
          <b
            className="addon-name"
            key="individuals"
          >
            Individuals
          </b>
           for 
          500
           USD
        </span>
      </li>
      <li
        className="extra-small"
        key="Liferay Analytics Cloud Enterprise Tracked Pages"
      >
        <span
          className="limit-amount semibold"
        >
          5,000,000
        </span>
        <span
          className="text-secondary"
        >
          <b
            className="addon-name"
            key="pageViews"
          >
            Page Views
          </b>
           for 
          250
           USD
        </span>
      </li>
    </ul>
  </div>
</div>
`;
