// Jest Snapshot v1, https://goo.gl/fbAQLP

exports[`PlansList should render 1`] = `
<div>
  <div
    class="plans-list-root"
  />
</div>
`;

exports[`PlansList should render with a label in the list of plans for the current plan 1`] = `
<div>
  <div
    class="plans-list-root"
  >
    <div
      class="panel-root"
    >
      <div
        class="panel-header"
        role="button"
        tabindex="0"
      >
        <div
          class="trigger"
        >
          <svg
            class="icon-root lexicon-icon lexicon-icon-angle-up"
            viewBox=""
          >
            <use
              xlink:href="#angle-up"
            />
          </svg>
        </div>
        <div
          class="panel-title"
        >
          <div
            class="plan-title"
          >
            <div
              class="plan-name"
            >
              Business
            </div>
            <div
              class="label label-root label-primary label-lg label-uppercase"
            >
              <span
                class="label-item"
              >
                Current Plan
              </span>
            </div>
          </div>
        </div>
      </div>
      <div
        class="panel-body"
      >
        <div
          class="plan-breakdown small"
        >
          <div
            class="limits"
          >
            <ul>
              <li>
                <svg
                  class="icon-root lexicon-icon lexicon-icon-ac-individual"
                  viewBox=""
                >
                  <use
                    xlink:href="#ac-individual"
                  />
                </svg>
                <span
                  class="limit-amount semibold"
                >
                  0
                </span>
                <span
                  class="text-secondary"
                >
                  Individuals
                </span>
              </li>
              <li>
                <svg
                  class="icon-root lexicon-icon lexicon-icon-faro-page-views"
                  viewBox=""
                >
                  <use
                    xlink:href="#faro-page-views"
                  />
                </svg>
                <span
                  class="limit-amount semibold"
                >
                  0
                </span>
                <span
                  class="text-secondary"
                >
                  Page Views
                </span>
              </li>
              <li>
                <svg
                  class="icon-root lexicon-icon lexicon-icon-ac-users"
                  viewBox=""
                >
                  <use
                    xlink:href="#ac-users"
                  />
                </svg>
                <span
                  class="limit-amount semibold"
                >
                  Unlimited
                </span>
                <span
                  class="text-secondary"
                >
                  Users
                </span>
              </li>
            </ul>
          </div>
          <div
            class="addons"
          >
            <p
              class="text-secondary semibold addon-list-header"
            >
              Add-ons
            </p>
            <ul>
              <li
                class="extra-small"
              >
                <span
                  class="limit-amount semibold"
                >
                  5,000
                </span>
                <span
                  class="text-secondary"
                >
                  <b
                    class="addon-name"
                  >
                    Individuals
                  </b>
                   for 
                  1,500
                   USD
                </span>
              </li>
              <li
                class="extra-small"
              >
                <span
                  class="limit-amount semibold"
                >
                  5,000,000
                </span>
                <span
                  class="text-secondary"
                >
                  <b
                    class="addon-name"
                  >
                    Page Views
                  </b>
                   for 
                  750
                   USD
                </span>
              </li>
            </ul>
          </div>
        </div>
      </div>
    </div>
  </div>
</div>
`;
