// Jest Snapshot v1, https://goo.gl/fbAQLP

exports[`InterestsCard renders 1`] = `
<div>
  <div
    class="card card-root interests-card-root"
    style="min-height: 536px;"
  >
    <div
      class="card-header"
    >
      <h5
        class="card-title"
      >
        Top Interests as of Today
      </h5>
    </div>
    <div
      class="card-footer"
    >
      <a
        class="button-root btn btn-link btn-sm"
        href="/workspace/123/contacts/individuals/interests"
      >
        View All Interests
        <span
          class="inline-item inline-item-after"
        >
          <svg
            class="icon-root lexicon-icon lexicon-icon-angle-right"
            viewBox=""
          >
            <use
              xlink:href="/o/osb-faro-web/dist/sprite.svg#angle-right"
            />
          </svg>
        </span>
      </a>
    </div>
  </div>
</div>
`;
