// Jest Snapshot v1, https://goo.gl/fbAQLP

exports[`KnownIndividualsCard should render 1`] = `
<div>
  <div
    class="card card-root known-individuals-card-root"
  >
    <div
      class="card-header"
    >
      <h5
        class="card-title"
      >
        Known Individuals
      </h5>
    </div>
    <div
      class="table-responsive table-root flex-grow-1"
    >
      <table
        class="table table-autofit table-hover table-heading-nowrap table-nowrap"
      >
        <thead>
          <tr
            class=""
          >
            <th
              class="table-head-title name"
            >
              Individual
            </th>
            <th
              class="table-head-title trendline"
            >
              Engagement
            </th>
            <th
              class="table-head-title score table-column-text-end"
            />
          </tr>
        </thead>
        <tbody>
          <tr
            class=""
          >
            <td
              class="name-cell-root name"
            >
              <div
                class="content-container"
              >
                <div
                  class="text-truncate"
                >
                  <div
                    class="table-title text-truncate"
                  >
                    <a
                      class="text-truncate"
                      href="/workspace/23/123/contacts/individuals/known-individuals/0"
                    >
                      Foo Bar
                    </a>
                  </div>
                  <div
                    class="secondary-info text-truncate"
                  >
                    Developer
                  </div>
                </div>
              </div>
            </td>
            <td
              class="trendline trendline"
            >
              <div
                class="trendline-root"
              >
                <div />
              </div>
            </td>
            <td
              class=" score table-column-text-end"
            >
              4.90/10
            </td>
          </tr>
        </tbody>
        <tbody>
          <tr
            class=""
          >
            <td
              class="name-cell-root name"
            >
              <div
                class="content-container"
              >
                <div
                  class="text-truncate"
                >
                  <div
                    class="table-title text-truncate"
                  >
                    <a
                      class="text-truncate"
                      href="/workspace/23/123/contacts/individuals/known-individuals/0"
                    >
                      Foo Bar
                    </a>
                  </div>
                  <div
                    class="secondary-info text-truncate"
                  >
                    Developer
                  </div>
                </div>
              </div>
            </td>
            <td
              class="trendline trendline"
            >
              <div
                class="trendline-root"
              >
                <div />
              </div>
            </td>
            <td
              class=" score table-column-text-end"
            >
              4.90/10
            </td>
          </tr>
        </tbody>
        <tbody>
          <tr
            class=""
          >
            <td
              class="name-cell-root name"
            >
              <div
                class="content-container"
              >
                <div
                  class="text-truncate"
                >
                  <div
                    class="table-title text-truncate"
                  >
                    <a
                      class="text-truncate"
                      href="/workspace/23/123/contacts/individuals/known-individuals/0"
                    >
                      Foo Bar
                    </a>
                  </div>
                  <div
                    class="secondary-info text-truncate"
                  >
                    Developer
                  </div>
                </div>
              </div>
            </td>
            <td
              class="trendline trendline"
            >
              <div
                class="trendline-root"
              >
                <div />
              </div>
            </td>
            <td
              class=" score table-column-text-end"
            >
              4.90/10
            </td>
          </tr>
        </tbody>
      </table>
    </div>
    <div
      class="card-footer"
    >
      <a
        class="button-root btn btn-link btn-sm"
        href="/workspace/23/123/contacts/accounts/23/individuals"
      >
        View All Individuals
        <svg
          class="icon-root lexicon-icon lexicon-icon-angle-right"
          viewBox=""
        >
          <use
            xlink:href="#angle-right"
          />
        </svg>
      </a>
    </div>
  </div>
</div>
`;
