// Jest Snapshot v1, https://goo.gl/fbAQLP

exports[`BaseConfigurationOverview should render 1`] = `
<div
  className="configuration-overview-root"
>
  <Subtitle>
    Data Configuration
  </Subtitle>
  <ConfigurationItem
    description="foo description"
    key="0"
    label="edit"
    title="foo title"
  />
</div>
`;
