// Jest Snapshot v1, https://goo.gl/fbAQLP

exports[`BaseFieldMappingView should render 1`] = `
<withRouter()
  className="base-field-mapping-view-root"
  currentUser={
    Immutable.Record {
      "emailAddress": "test@liferay.com",
      "groupId": null,
      "id": 0,
      "languageId": null,
      "name": "Test Test",
      "roleName": "Site Owner",
      "screenName": "",
      "status": 1,
      "userId": null,
    }
  }
  dataSource={
    Immutable.Record {
      "contactsSelected": false,
      "credentials": Immutable.Map {
        "oAuthClientId": "oAuthMockClientId-1",
        "oAuthClientSecret": "oAuthMockClientSecret-1",
        "type": "OAuth 2 Authentication",
      },
      "dateCreated": 1531090866366,
      "disabled": false,
      "event": null,
      "fileName": null,
      "id": "1",
      "name": "Salesforce{seed}",
      "properties": Immutable.Map {},
      "provider": Immutable.Map {
        "analyticsConfiguration": null,
        "contactsConfiguration": null,
        "type": "SALESFORCE",
      },
      "providerType": "SALESFORCE",
      "sitesSelected": false,
      "state": "CREDENTIALS_VALID",
      "status": "ACTIVE",
      "type": 1,
      "url": "https://login.salesforce.com",
    }
  }
  groupId="23"
  id="123"
  pageTitle="Configure Data Source"
>
  <Sheet
    large={false}
    pageDisplay={false}
  >
    <Header
      border={true}
    >
      <Section
        lastChildMargin={false}
      >
        <h4 />
        <Text />
      </Section>
    </Header>
    <Spinner
      alignCenter={false}
      display="dotted"
      fadeIn={false}
      inline={false}
      key="LOADING_DISPLAY"
      light={false}
      overlay={false}
      spacer={true}
    />
  </Sheet>
</withRouter()>
`;
