// Jest Snapshot v1, https://goo.gl/fbAQLP

exports[`BaseTabsPage should render 1`] = `
<withRouter()
  currentUser={
    Immutable.Record {
      "emailAddress": "test@liferay.com",
      "groupId": null,
      "id": 0,
      "name": "Test Test",
      "roleName": "Site Owner",
      "screenName": "",
      "status": 1,
      "userId": null,
    }
  }
  dataSource={
    Immutable.Record {
      "contactsSelected": false,
      "credentials": Immutable.Map {
        "login": "LiferayUser1",
      },
      "dateCreated": 1531090866366,
      "disabled": false,
      "event": null,
      "fileName": null,
      "id": "1",
      "lastSyncDate": 1531263666366,
      "name": "Liferay1",
      "properties": Immutable.Map {},
      "provider": Immutable.Map {
        "type": "LIFERAY",
      },
      "providerType": "LIFERAY",
      "sitesSelected": false,
      "state": "CREDENTIALS_VALID",
      "status": "ACTIVE",
      "type": 1,
      "url": "https://www.faro-1.io",
    }
  }
  groupId="23"
  id="test"
>
  <Sheet
    className="data-source-base-tabs-root"
    large={false}
    pageDisplay={true}
  >
    <Body>
      <Nav
        display="underline"
      >
        <Item
          active={true}
          disabled={false}
          href="/workspace/23/settings/data-source/test"
        >
          <h4>
            Authorization
          </h4>
        </Item>
        <Item
          active={false}
          disabled={false}
          href="/workspace/23/settings/data-source/test/liferay/configuration-status"
        >
          <h4>
            Configure Data Source
          </h4>
          <ForwardRef
            className="ml-2"
            label={2}
          />
        </Item>
      </Nav>
    </Body>
  </Sheet>
</withRouter()>
`;
