// Jest Snapshot v1, https://goo.gl/fbAQLP

exports[`engagement-activity buildHistoryData should return an array formatted for use in a chart 1`] = `
Array [
  Object {
    "axis": "y",
    "data": Array [
      5,
      10,
    ],
    "id": "activities",
    "name": "Activity Count",
    "type": "bar",
  },
  Object {
    "axis": "y2",
    "data": Array [
      2,
      4,
    ],
    "id": "engagements",
    "name": "Engagement Score",
    "type": "spline",
  },
  Object {
    "data": Array [
      1531263666366,
      1531350066366,
    ],
    "id": "date",
    "name": "Date",
  },
]
`;

exports[`engagement-activity buildLegendItems should return a fallback display configuration for engagementScore 1`] = `
Array [
  Object {
    "change": 20,
    "id": "activities",
    "secondaryInfo": "30 Day Change",
    "title": "Total Activity Count: 10",
  },
  Object {
    "change": 30,
    "id": "engagements",
    "secondaryInfo": "30 Day Change",
    "title": "Engagement Score: --",
  },
]
`;

exports[`engagement-activity buildLegendItems should return an array formatted for use as items in ChangeLegend 1`] = `
Array [
  Object {
    "change": 20,
    "id": "activities",
    "secondaryInfo": "30 Day Change",
    "title": "Total Activity Count: 10",
  },
  Object {
    "change": 30,
    "id": "engagements",
    "secondaryInfo": "30 Day Change",
    "title": "Engagement Score: 4.00/10",
  },
]
`;

exports[`engagement-activity formatTickVal should return a given date with the format M/D 1`] = `"7/10"`;

exports[`engagement-activity renderTooltip should render 1`] = `"<table class=\\"analytics-tooltip-chart\\" data-reactroot=\\"\\"><thead class=\\"analytics-tooltip-chart-header \\"><tr class=\\"analytics-tooltip-chart-row \\"><td style=\\"min-width:100px\\"><div class=\\"analytics-tooltip-chart-content analytics-tooltip-chart-column text-left font-weight-semibold\\"> <!-- -->Activities</div></td><td style=\\"min-width:55px\\"><div class=\\"analytics-tooltip-chart-content analytics-tooltip-chart-column text-right font-weight-semibold\\"> <!-- -->2018 Jul 10</div></td></tr></thead><tbody class=\\"analytics-tooltip-chart-body \\"><tr class=\\"analytics-tooltip-chart-row \\"><td><div class=\\"analytics-tooltip-chart-content analytics-tooltip-chart-column text-left font-weight-normal\\"> <!-- -->Activities</div></td><td><div class=\\"analytics-tooltip-chart-content analytics-tooltip-chart-column text-right font-weight-semibold\\"> <!-- -->5</div></td></tr></tbody></table>"`;

exports[`engagement-activity renderTooltipToString should render 1`] = `"<div class=\\"chart-tooltip-root\\" data-reactroot=\\"\\"><div class=\\"header\\"><div class=\\"title\\">July 8, 2018</div></div><div class=\\"divider\\"></div><div class=\\"contents\\"><div>Activity<b>10</b></div><div>Engagement Score<b>2.10</b></div></div></div>"`;
