// Jest Snapshot v1, https://goo.gl/fbAQLP

exports[`Event Analysis should render 1`] = `
<div>
  <div
    class="index-root"
  >
    <div
      class="maintenance-alert-root"
    />
    <header
      class="header-root"
    >
      <div
        class="header-container"
      >
        <div
          class="row-root align-items-center d-flex justify-content-between"
        >
          <ol
            class="breadcrumb breadcrumbs-root"
          >
            <li
              class="breadcrumb-item"
            >
              <a
                class="breadcrumb-link breadcrumb-text-truncate"
                href="/workspace/123/456/sites"
              >
                Home
              </a>
            </li>
          </ol>
        </div>
        <div
          class="row-root align-items-center d-flex justify-content-between"
        >
          <div
            class="header-section title-section"
          >
            <span
              class="align-items-center d-flex"
            >
              <h1
                class="title text-truncate"
              >
                <span
                  class="text-truncate"
                  data-tooltip="false"
                  title=""
                >
                  Event Analysis
                </span>
              </h1>
            </span>
          </div>
          <div
            class="header-section"
          >
            <a
              class="button-root btn btn-primary"
              href="/workspace/123/456/event-analysis/create"
            >
              Create Analysis
            </a>
          </div>
        </div>
      </div>
      <div
        class="embedded-alert-list-root notification-alert-list-root"
      />
    </header>
    <div
      class="body-root page-container"
    >
      <span
        class="children-wrapper"
      >
        <div
          class="card card-root event-analysis-list-root page-display"
        >
          <div
            class="toolbar-root"
          >
            <nav
              class="navbar navbar-root management-bar management-bar-light navbar-expand"
            >
              <div
                class="container-fluid"
              >
                <ul
                  class="nav-root front-nav navbar-nav"
                  role="tablist"
                >
                  <li
                    class="nav-item"
                    role="presentation"
                  >
                    <div
                      class="custom-control custom-checkbox"
                    >
                      <label>
                        <input
                          class="custom-control-input"
                          data-testid="select-all-checkbox"
                          disabled=""
                          type="checkbox"
                          value="false"
                        />
                        <span
                          class="custom-control-label"
                        />
                      </label>
                    </div>
                  </li>
                  <li
                    aria-haspopup="true"
                    class="dropdown dropdown-root filter-and-order-root nav-item"
                  >
                    <button
                      class="button-root btn btn-unstyled dropdown-toggle nav-btn show-caret"
                      data-testid="filter-and-order-button"
                      type="button"
                    >
                      <span
                        class="text-truncate"
                      >
                        Order
                      </span>
                      
                      <span
                        class="caret-root"
                      >
                        <svg
                          class="icon-root lexicon-icon lexicon-icon-caret-bottom"
                          viewBox=""
                        >
                          <use
                            xlink:href="/o/osb-faro-web/dist/sprite.svg#caret-bottom"
                          />
                        </svg>
                      </span>
                    </button>
                  </li>
                  <li
                    class="nav-item"
                    role="presentation"
                  >
                    <a
                      class="button-root btn btn-unstyled nav-link nav-link-monospaced btn-outline-borderless"
                      href="/?field=name&page=1&sortOrder=DESC"
                    >
                      <svg
                        class="icon-root lexicon-icon lexicon-icon-order-arrow-ascending"
                        viewBox=""
                      >
                        <use
                          xlink:href="/o/osb-faro-web/dist/sprite.svg#order-arrow-ascending"
                        />
                      </svg>
                    </a>
                  </li>
                </ul>
                <div
                  class="navbar-form navbar-form-autofit"
                >
                  <div
                    class="input-group search"
                  >
                    <div
                      class="input-group-item"
                    >
                      <input
                        class="input-root form-control input-group-inset input-group-inset-after"
                        placeholder="Search"
                        type="text"
                        value=""
                      />
                      <div
                        class="input-group-inset-item input-group-inset-item-after"
                      >
                        <button
                          class="button-root btn btn-unstyled"
                          type="button"
                        >
                          <svg
                            class="icon-root lexicon-icon lexicon-icon-search"
                            viewBox=""
                          >
                            <use
                              xlink:href="/o/osb-faro-web/dist/sprite.svg#search"
                            />
                          </svg>
                        </button>
                      </div>
                    </div>
                  </div>
                </div>
              </div>
            </nav>
          </div>
          <div
            class="loading-root"
          >
            <div
              class="spinner-root spinner-fade-in"
            >
              <span
                class="loading-animation loading-animation-dotted"
              />
            </div>
          </div>
        </div>
      </span>
    </div>
  </div>
</div>
`;
